================================================================================
Bhashini Customer Dashboard Test Report
================================================================================

Customer: Customer-1 (enterprise_1)
------------------------------------------------------------
  data_isolation: PASS
  dashboard_functionality: PASS
  query_performance: PASS
  Overall Status: PASS

================================================================================
Test Summary
================================================================================
Total Customers: 1
Passed: 1
Failed: 0
Success Rate: 100.0%
